coordinator.c: In function 'watcher_thread':
coordinator.c:567:72: warning: '%s' directive output may be truncated writing up to 2047 bytes into a region of size 77 [-Wformat-truncation=]
  567 |                 char m[96]; snprintf(m, sizeof(m), "detectada MORTE de %s: iniciando re-replicacao", g_membership[i]);
      |                                                                        ^~
coordinator.c:567:29: note: 'snprintf' output between 45 and 2092 bytes into a destination of size 96
  567 |                 char m[96]; snprintf(m, sizeof(m), "detectada MORTE de %s: iniciando re-replicacao", g_membership[i]);
      |                             ^~~~~~~~~~~~~~~~~~~~~~~~~~~~~~~~~~~~~~~~~~~~~~~~~~~~~~~~~~~~~~~~~~~~~~~~~~~~~~~~~~~~~~~~~
coordinator.c: In function 'handle_request_upload':
coordinator.c:253:75: warning: '%s' directive output may be truncated writing up to 2047 bytes into a region of size 32 [-Wformat-truncation=]
  253 |             if (seen == want) { snprintf(ingress_id, sizeof(ingress_id), "%s", g_membership[i]); break; }
      |                                                                           ^~
coordinator.c:253:33: note: 'snprintf' output between 1 and 2048 bytes into a destination of size 32
  253 |             if (seen == want) { snprintf(ingress_id, sizeof(ingress_id), "%s", g_membership[i]); break; }
      |                                 ^~~~~~~~~~~~~~~~~~~~~~~~~~~~~~~~~~~~~~~~~~~~~~~~~~~~~~~~~~~~~~~
coordinator.c: In function 'handle_request_download':
coordinator.c:356:105: warning: '%s' directive output may be truncated writing up to 2047 bytes into a region of size 32 [-Wformat-truncation=]
  356 |     for (int k = 0; k < ncnt; k++) if (cnt_val[k] > best) { best = cnt_val[k]; snprintf(egress_id, 32, "%s", cnt_id[k]); }
      |                                                                                                         ^~
coordinator.c:356:80: note: 'snprintf' output between 1 and 2048 bytes into a destination of size 32
  356 |     for (int k = 0; k < ncnt; k++) if (cnt_val[k] > best) { best = cnt_val[k]; snprintf(egress_id, 32, "%s", cnt_id[k]); }
      |                                                                                ^~~~~~~~~~~~~~~~~~~~~~~~~~~~~~~~~~~~~~~~
coordinator.c: In function 'main':
coordinator.c:55:37: warning: '%s' directive output may be truncated writing up to 3059 bytes into a region of size 32 [-Wformat-truncation=]
   55 |     snprintf(n->id, sizeof(n->id), "%s", id);
      |                                     ^~
In function 'find_or_add_node',
    inlined from 'find_or_add_node' at coordinator.c:51:17,
    inlined from 'main' at coordinator.c:631:9:
coordinator.c:55:5: note: 'snprintf' output between 1 and 3060 bytes into a destination of size 32
   55 |     snprintf(n->id, sizeof(n->id), "%s", id);
      |     ^~~~~~~~~~~~~~~~~~~~~~~~~~~~~~~~~~~~~~~~
coordinator.c: In function 'main':
coordinator.c:632:54: warning: '%s' directive output may be truncated writing up to 3059 bytes into a region of size 32 [-Wformat-truncation=]
  632 |         snprintf(g_membership[g_nmembership++], 32, "%s", nodes[i].id);
      |                                                      ^~
coordinator.c:632:9: note: 'snprintf' output between 1 and 3060 bytes into a destination of size 32
  632 |         snprintf(g_membership[g_nmembership++], 32, "%s", nodes[i].id);
      |         ^~~~~~~~~~~~~~~~~~~~~~~~~~~~~~~~~~~~~~~~~~~~~~~~~~~~~~~~~~~~~~
